  Determining projects to restore...
C:\Projects\MLSNextSchedule\MLSNext.Tests\MLSNext.Tests.csproj : warning NU1603: MLSNext.Tests depends on Microsoft.NET.Test.Sdk (>= 17.9.1) but Microsoft.NET.Test.Sdk 17.9.1 was not found. Microsoft.NET.Test.Sdk 17.10.0 was resolved instead.
  All projects are up-to-date for restore.
C:\Projects\MLSNextSchedule\MLSNext.Tests\MLSNext.Tests.csproj : warning NU1603: MLSNext.Tests depends on Microsoft.NET.Test.Sdk (>= 17.9.1) but Microsoft.NET.Test.Sdk 17.9.1 was not found. Microsoft.NET.Test.Sdk 17.10.0 was resolved instead.
  MLSNext.Data -> C:\Projects\MLSNextSchedule\MLSNext.Data\bin\Debug\net10.0\MLSNext.Data.dll
  MLSNext.Ingestion -> C:\Projects\MLSNextSchedule\MLSNext.Ingestion\bin\Debug\net10.0\MLSNext.Ingestion.dll
C:\Projects\MLSNextSchedule\MLSNext.Tests\Unit\ScheduleParserTests.cs(10,47): error CS7036: There is no argument given that corresponds to the required parameter 'logger' of 'ScheduleParser.ScheduleParser(ILogger<ScheduleParser>)' [C:\Projects\MLSNextSchedule\MLSNext.Tests\MLSNext.Tests.csproj]
C:\Projects\MLSNextSchedule\MLSNext.Tests\Fixtures\TestDataFixture.cs(22,13): error CS0117: 'ParsedMatch' does not contain a definition for 'Venue' [C:\Projects\MLSNextSchedule\MLSNext.Tests\MLSNext.Tests.csproj]
C:\Projects\MLSNextSchedule\MLSNext.Tests\Fixtures\TestDataFixture.cs(12,20): error CS9035: Required member 'ParsedMatch.VenueName' must be set in the object initializer or attribute constructor. [C:\Projects\MLSNextSchedule\MLSNext.Tests\MLSNext.Tests.csproj]
C:\Projects\MLSNextSchedule\MLSNext.Tests\Integration\MatchUpsertServiceIntegrationTests.cs(21,14): error CS1061: 'DbContextOptionsBuilder<AppDbContext>' does not contain a definition for 'UseInMemoryDatabase' and no accessible extension method 'UseInMemoryDatabase' accepting a first argument of type 'DbContextOptionsBuilder<AppDbContext>' could be found (are you missing a using directive or an assembly reference?) [C:\Projects\MLSNextSchedule\MLSNext.Tests\MLSNext.Tests.csproj]
C:\Projects\MLSNextSchedule\MLSNext.Tests\Integration\IngestionOrchestratorIntegrationTests.cs(24,14): error CS1061: 'DbContextOptionsBuilder<AppDbContext>' does not contain a definition for 'UseInMemoryDatabase' and no accessible extension method 'UseInMemoryDatabase' accepting a first argument of type 'DbContextOptionsBuilder<AppDbContext>' could be found (are you missing a using directive or an assembly reference?) [C:\Projects\MLSNextSchedule\MLSNext.Tests\MLSNext.Tests.csproj]
C:\Projects\MLSNextSchedule\MLSNext.Tests\Integration\IngestionOrchestratorIntegrationTests.cs(44,23): error CS7036: There is no argument given that corresponds to the required parameter 'logger' of 'ScheduleParser.ScheduleParser(ILogger<ScheduleParser>)' [C:\Projects\MLSNextSchedule\MLSNext.Tests\MLSNext.Tests.csproj]
C:\Projects\MLSNextSchedule\MLSNext.Tests\Unit\Modular11ClientTests.cs(47,14): error CS1061: 'Mock<HttpMessageHandler>' does not contain a definition for 'Protected' and no accessible extension method 'Protected' accepting a first argument of type 'Mock<HttpMessageHandler>' could be found (are you missing a using directive or an assembly reference?) [C:\Projects\MLSNextSchedule\MLSNext.Tests\MLSNext.Tests.csproj]
C:\Projects\MLSNextSchedule\MLSNext.Tests\Unit\Modular11ClientTests.cs(50,17): error CS0103: The name 'ItExpr' does not exist in the current context [C:\Projects\MLSNextSchedule\MLSNext.Tests\MLSNext.Tests.csproj]
C:\Projects\MLSNextSchedule\MLSNext.Tests\Unit\Modular11ClientTests.cs(51,17): error CS0103: The name 'ItExpr' does not exist in the current context [C:\Projects\MLSNextSchedule\MLSNext.Tests\MLSNext.Tests.csproj]
C:\Projects\MLSNextSchedule\MLSNext.Tests\Unit\Modular11ClientTests.cs(70,14): error CS1061: 'Mock<HttpMessageHandler>' does not contain a definition for 'Protected' and no accessible extension method 'Protected' accepting a first argument of type 'Mock<HttpMessageHandler>' could be found (are you missing a using directive or an assembly reference?) [C:\Projects\MLSNextSchedule\MLSNext.Tests\MLSNext.Tests.csproj]
C:\Projects\MLSNextSchedule\MLSNext.Tests\Unit\Modular11ClientTests.cs(73,17): error CS0103: The name 'ItExpr' does not exist in the current context [C:\Projects\MLSNextSchedule\MLSNext.Tests\MLSNext.Tests.csproj]
C:\Projects\MLSNextSchedule\MLSNext.Tests\Unit\Modular11ClientTests.cs(74,17): error CS0103: The name 'ItExpr' does not exist in the current context [C:\Projects\MLSNextSchedule\MLSNext.Tests\MLSNext.Tests.csproj]
C:\Projects\MLSNextSchedule\MLSNext.Tests\Integration\MatchUpsertServiceIntegrationTests.cs(45,13): error CS0117: 'ParsedMatch' does not contain a definition for 'Venue' [C:\Projects\MLSNextSchedule\MLSNext.Tests\MLSNext.Tests.csproj]
C:\Projects\MLSNextSchedule\MLSNext.Tests\Integration\MatchUpsertServiceIntegrationTests.cs(35,25): error CS9035: Required member 'ParsedMatch.VenueName' must be set in the object initializer or attribute constructor. [C:\Projects\MLSNextSchedule\MLSNext.Tests\MLSNext.Tests.csproj]
C:\Projects\MLSNextSchedule\MLSNext.Tests\Unit\ScheduleParserTests.cs(46,20): error CS1061: 'ParsedMatch' does not contain a definition for 'Venue' and no accessible extension method 'Venue' accepting a first argument of type 'ParsedMatch' could be found (are you missing a using directive or an assembly reference?) [C:\Projects\MLSNextSchedule\MLSNext.Tests\MLSNext.Tests.csproj]
C:\Projects\MLSNextSchedule\MLSNext.Tests\Integration\MatchUpsertServiceIntegrationTests.cs(74,13): error CS0117: 'ParsedMatch' does not contain a definition for 'Venue' [C:\Projects\MLSNextSchedule\MLSNext.Tests\MLSNext.Tests.csproj]
C:\Projects\MLSNextSchedule\MLSNext.Tests\Integration\MatchUpsertServiceIntegrationTests.cs(64,32): error CS9035: Required member 'ParsedMatch.VenueName' must be set in the object initializer or attribute constructor. [C:\Projects\MLSNextSchedule\MLSNext.Tests\MLSNext.Tests.csproj]
C:\Projects\MLSNextSchedule\MLSNext.Tests\Integration\MatchUpsertServiceIntegrationTests.cs(90,13): error CS0117: 'ParsedMatch' does not contain a definition for 'Venue' [C:\Projects\MLSNextSchedule\MLSNext.Tests\MLSNext.Tests.csproj]
C:\Projects\MLSNextSchedule\MLSNext.Tests\Integration\MatchUpsertServiceIntegrationTests.cs(80,32): error CS9035: Required member 'ParsedMatch.VenueName' must be set in the object initializer or attribute constructor. [C:\Projects\MLSNextSchedule\MLSNext.Tests\MLSNext.Tests.csproj]
C:\Projects\MLSNextSchedule\MLSNext.Tests\Unit\Modular11ClientTests.cs(95,14): error CS1061: 'Mock<HttpMessageHandler>' does not contain a definition for 'Protected' and no accessible extension method 'Protected' accepting a first argument of type 'Mock<HttpMessageHandler>' could be found (are you missing a using directive or an assembly reference?) [C:\Projects\MLSNextSchedule\MLSNext.Tests\MLSNext.Tests.csproj]
C:\Projects\MLSNextSchedule\MLSNext.Tests\Unit\Modular11ClientTests.cs(98,17): error CS0103: The name 'ItExpr' does not exist in the current context [C:\Projects\MLSNextSchedule\MLSNext.Tests\MLSNext.Tests.csproj]
C:\Projects\MLSNextSchedule\MLSNext.Tests\Unit\Modular11ClientTests.cs(100,17): error CS0103: The name 'ItExpr' does not exist in the current context [C:\Projects\MLSNextSchedule\MLSNext.Tests\MLSNext.Tests.csproj]
C:\Projects\MLSNextSchedule\MLSNext.Tests\Unit\Modular11ClientTests.cs(107,33): error CS1061: 'Mock<HttpMessageHandler>' does not contain a definition for 'Protected' and no accessible extension method 'Protected' accepting a first argument of type 'Mock<HttpMessageHandler>' could be found (are you missing a using directive or an assembly reference?) [C:\Projects\MLSNextSchedule\MLSNext.Tests\MLSNext.Tests.csproj]
C:\Projects\MLSNextSchedule\MLSNext.Tests\Unit\Modular11ClientTests.cs(110,13): error CS0103: The name 'ItExpr' does not exist in the current context [C:\Projects\MLSNextSchedule\MLSNext.Tests\MLSNext.Tests.csproj]
C:\Projects\MLSNextSchedule\MLSNext.Tests\Unit\Modular11ClientTests.cs(112,13): error CS0103: The name 'ItExpr' does not exist in the current context [C:\Projects\MLSNextSchedule\MLSNext.Tests\MLSNext.Tests.csproj]
C:\Projects\MLSNextSchedule\MLSNext.Tests\Integration\IngestionOrchestratorIntegrationTests.cs(77,14): error CS1061: 'IReturnsResult<Modular11Client>' does not contain a definition for 'Returns' and no accessible extension method 'Returns' accepting a first argument of type 'IReturnsResult<Modular11Client>' could be found (are you missing a using directive or an assembly reference?) [C:\Projects\MLSNextSchedule\MLSNext.Tests\MLSNext.Tests.csproj]
C:\Projects\MLSNextSchedule\MLSNext.Tests\Integration\MatchUpsertServiceIntegrationTests.cs(119,17): error CS0117: 'ParsedMatch' does not contain a definition for 'Venue' [C:\Projects\MLSNextSchedule\MLSNext.Tests\MLSNext.Tests.csproj]
C:\Projects\MLSNextSchedule\MLSNext.Tests\Integration\MatchUpsertServiceIntegrationTests.cs(109,17): error CS9035: Required member 'ParsedMatch.VenueName' must be set in the object initializer or attribute constructor. [C:\Projects\MLSNextSchedule\MLSNext.Tests\MLSNext.Tests.csproj]
C:\Projects\MLSNextSchedule\MLSNext.Tests\Integration\MatchUpsertServiceIntegrationTests.cs(132,17): error CS0117: 'ParsedMatch' does not contain a definition for 'Venue' [C:\Projects\MLSNextSchedule\MLSNext.Tests\MLSNext.Tests.csproj]
C:\Projects\MLSNextSchedule\MLSNext.Tests\Integration\MatchUpsertServiceIntegrationTests.cs(122,17): error CS9035: Required member 'ParsedMatch.VenueName' must be set in the object initializer or attribute constructor. [C:\Projects\MLSNextSchedule\MLSNext.Tests\MLSNext.Tests.csproj]
C:\Projects\MLSNextSchedule\MLSNext.Tests\Integration\MatchUpsertServiceIntegrationTests.cs(161,13): error CS0117: 'ParsedMatch' does not contain a definition for 'Venue' [C:\Projects\MLSNextSchedule\MLSNext.Tests\MLSNext.Tests.csproj]
C:\Projects\MLSNextSchedule\MLSNext.Tests\Integration\MatchUpsertServiceIntegrationTests.cs(151,25): error CS9035: Required member 'ParsedMatch.VenueName' must be set in the object initializer or attribute constructor. [C:\Projects\MLSNextSchedule\MLSNext.Tests\MLSNext.Tests.csproj]
C:\Projects\MLSNextSchedule\MLSNext.Tests\Unit\Modular11ClientTests.cs(126,14): error CS1061: 'Mock<HttpMessageHandler>' does not contain a definition for 'Protected' and no accessible extension method 'Protected' accepting a first argument of type 'Mock<HttpMessageHandler>' could be found (are you missing a using directive or an assembly reference?) [C:\Projects\MLSNextSchedule\MLSNext.Tests\MLSNext.Tests.csproj]
C:\Projects\MLSNextSchedule\MLSNext.Tests\Unit\Modular11ClientTests.cs(129,17): error CS0103: The name 'ItExpr' does not exist in the current context [C:\Projects\MLSNextSchedule\MLSNext.Tests\MLSNext.Tests.csproj]
C:\Projects\MLSNextSchedule\MLSNext.Tests\Unit\Modular11ClientTests.cs(130,17): error CS0103: The name 'ItExpr' does not exist in the current context [C:\Projects\MLSNextSchedule\MLSNext.Tests\MLSNext.Tests.csproj]
C:\Projects\MLSNextSchedule\MLSNext.Tests\Unit\Modular11ClientTests.cs(145,33): error CS1061: 'Mock<HttpMessageHandler>' does not contain a definition for 'Protected' and no accessible extension method 'Protected' accepting a first argument of type 'Mock<HttpMessageHandler>' could be found (are you missing a using directive or an assembly reference?) [C:\Projects\MLSNextSchedule\MLSNext.Tests\MLSNext.Tests.csproj]
C:\Projects\MLSNextSchedule\MLSNext.Tests\Unit\Modular11ClientTests.cs(146,13): error CS0103: The name 'ItExpr' does not exist in the current context [C:\Projects\MLSNextSchedule\MLSNext.Tests\MLSNext.Tests.csproj]
C:\Projects\MLSNextSchedule\MLSNext.Tests\Unit\Modular11ClientTests.cs(147,13): error CS0103: The name 'ItExpr' does not exist in the current context [C:\Projects\MLSNextSchedule\MLSNext.Tests\MLSNext.Tests.csproj]
C:\Projects\MLSNextSchedule\MLSNext.Tests\Integration\MatchUpsertServiceIntegrationTests.cs(190,13): error CS0117: 'ParsedMatch' does not contain a definition for 'Venue' [C:\Projects\MLSNextSchedule\MLSNext.Tests\MLSNext.Tests.csproj]
C:\Projects\MLSNextSchedule\MLSNext.Tests\Integration\MatchUpsertServiceIntegrationTests.cs(180,26): error CS9035: Required member 'ParsedMatch.VenueName' must be set in the object initializer or attribute constructor. [C:\Projects\MLSNextSchedule\MLSNext.Tests\MLSNext.Tests.csproj]
C:\Projects\MLSNextSchedule\MLSNext.Tests\Integration\MatchUpsertServiceIntegrationTests.cs(208,13): error CS0117: 'ParsedMatch' does not contain a definition for 'Venue' [C:\Projects\MLSNextSchedule\MLSNext.Tests\MLSNext.Tests.csproj]
C:\Projects\MLSNextSchedule\MLSNext.Tests\Integration\MatchUpsertServiceIntegrationTests.cs(198,26): error CS9035: Required member 'ParsedMatch.VenueName' must be set in the object initializer or attribute constructor. [C:\Projects\MLSNextSchedule\MLSNext.Tests\MLSNext.Tests.csproj]
C:\Projects\MLSNextSchedule\MLSNext.Tests\Integration\IngestionOrchestratorIntegrationTests.cs(194,17): warning xUnit1013: Public method 'Dispose' on test class 'IngestionOrchestratorIntegrationTests' should be marked as a Fact. Reduce the visibility of the method, or add a Fact attribute to the method. (https://xunit.net/xunit.analyzers/rules/xUnit1013) [C:\Projects\MLSNextSchedule\MLSNext.Tests\MLSNext.Tests.csproj]
C:\Projects\MLSNextSchedule\MLSNext.Tests\Integration\MatchUpsertServiceIntegrationTests.cs(219,17): warning xUnit1013: Public method 'Dispose' on test class 'MatchUpsertServiceIntegrationTests' should be marked as a Fact. Reduce the visibility of the method, or add a Fact attribute to the method. (https://xunit.net/xunit.analyzers/rules/xUnit1013) [C:\Projects\MLSNextSchedule\MLSNext.Tests\MLSNext.Tests.csproj]
